  Word 0x0
  Word 0x0
  Word 0x0
  Word 0x0
  Word 0x2
  Word 0x4
VIRTIO-GPU: ERROR - RESOURCE_ATTACH_BACKING for Cursor failed with type: 0x1203

WynlandOS Kernel Starting...
AHCI: Scanning PCI for SATA controller...
AHCI: Found SATA controller.
AHCI: Controller version: 0x10000
AHCI: Found SATA drive on port 0
AHCI: Port initialized successfully.
VFS: FAT32 filesystem detected.
VFS: Sectors per cluster: 4
VFS: Total data clusters: 130554
VFS Lookup: path = /apps
  Component: apps
    Lookup failed for component
VFS: Created directory: apps
VFS Lookup: path = /docs
  Component: docs
    Lookup failed for component
VFS: Created directory: docs
VIRTIO-NET: Initializing virtio-net driver...
VIRTIO-NET: Found device on PCI   bus=0
  slot=2
  func=0
VIRTIO-NET: BAR0 I/O base = 0x6060
VIRTIO-NET: Bus mastering enabled
VIRTIO-NET: Device reset
VIRTIO-NET: Status = ACKNOWLEDGE
VIRTIO-NET: Status = DRIVER
VIRTIO-NET: Host features = 0x79BF8064
VIRTIO-NET: Accepting VIRTIO_NET_F_MAC
VIRTIO-NET: Rejecting VIRTIO_NET_F_MRG_RXBUF
VIRTIO-NET: Guest features = 0x20
VIRTIO-NET: Queue index = 0
VIRTIO-NET: Queue size  = 256
VIRTIO-NET: Queue PFN = 0x71B
VIRTIO-NET: Queue setup complete
VIRTIO-NET: Queue index = 1
VIRTIO-NET: Queue size  = 256
VIRTIO-NET: Queue PFN = 0x71E
VIRTIO-NET: Queue setup complete
VIRTIO-NET: Status = DRIVER_OK
VIRTIO-NET: MAC address = 0x52:0x54:0x0:0x12:0x34:0x56
VIRTIO-NET: RX queue filled with buffers
VIRTIO-NET: Initialization complete!
[NET] Network stack initialised
[TCP] TCP subsystem initialised
Main: Drawing gradient background...
FB Addr: 0x80000000
FB Width: 1920
FB Height: 1080
FB Pitch: 7680
Main: Gradient background drawn successfully.
Main: Drawing terminal window...
Main: Terminal window drawn successfully.
VFS Lookup: path = /history.txt
  Component: history.txt
    Lookup failed for component
WynlandShell v0.1 initialized.
Type 'help' to see available commands.

wynland / ~ Auto-launching Qt6 dynamic demo /qtreal.elf in Ring 3...
VFS Lookup: path = /qtreal.elf
  Component: qtreal.elf
    Found next_node: qtreal.elf [FILE] cluster = 0x313
ELF Loader Error: Invalid interpreter ELF magic.

======================================
!!! KERNEL PANIC: CPU EXCEPTION !!!

======================================
!!! KERNEL PANIC: CPU EXCEPTION !!!

======================================
!!! KERNEL PANIC: CPU EXCEPTION !!!

======================================
!!! KERNEL PANIC: CPU EXCEPTION !!!

======================================
!!! KERNEL PANIC: CPU EXCEPTION !!!

======================================
!!! KERNEL PANIC: CPU EXCEPTION !!!

======================================
!!! KERNEL PANIC: CPU EXCEPTION !!!

======================================